
> amanaflowhosting@0.1.0 build
> next build

Γû▓ Next.js 16.2.0 (Turbopack)
- Environments: .env.local

node.exe : ΓÜá The "middleware" file convention is 
deprecated. Please use "proxy" instead. Learn more: 
https://nextjs.org/docs/messages/middleware-to-proxy
At line:1 char:1
+ & "C:\Program Files\nodejs/node.exe" "C:\Program 
Files\nodejs/node_mo ...
+ ~~~~~~~~~~~~~~~~~~~~~~~~~~~~~~~~~~~~~~~~~~~~~~~~~~
~~~~~~~~~~~~~~~~~~~
    + CategoryInfo          : NotSpecified: (ΓÜá Th 
   e "middle...leware-to-proxy:String) [], RemoteE  
  xception
    + FullyQualifiedErrorId : NativeCommandError
 
  Creating an optimized production build ...
Γ£ô Compiled successfully in 3.3s
  Running TypeScript ...
  Finished TypeScript in 5.5s ...
  Collecting page data using 15 workers ...
  Generating static pages using 15 workers (0/148) ...
  Generating static pages using 15 workers (37/148) 
Error occurred prerendering page 
"/blog/securing-vps-ddos-protection". Read more: 
https://nextjs.org/docs/messages/prerender-error
[Error: [next-mdx-remote] error compiling MDX:
Unexpected character `1` (U+0031) before name, 
expected a character that can start a name, such as 
a letter, `$`, or `_`

More information: 
https://mdxjs.com/docs/troubleshooting-mdx] {
  digest: '4279054907'
}
Export encountered an error on /blog/[slug]/page: 
/blog/securing-vps-ddos-protection, exiting the 
build.
Γ¿» Next.js build worker exited with code: 1 and 
signal: null
